[
  "Technology - Software Engineering",
  "Technology - Data Science",
  "Business - Marketing", 
  "Executive - Technology",
  "Technology - Software Engineering"
]